2025-11-21 19:57:50,988 [INFO] [1/13] Processing PDF: March 3rd 2025 - December 31st 2024 Crime News
2025-11-21 19:57:50,988 [INFO] Already downloaded: downloads/March_3rd_2025_-_December_31st_2024_Crime_News.pdf
2025-11-21 19:57:51,021 [INFO] Opened PDF: downloads/March_3rd_2025_-_December_31st_2024_Crime_News.pdf with 8 pages
2025-11-21 19:57:51,204 [INFO] [March 3rd 2025 - December 31st 2024 Crime News] Page 1, 31 lines
2025-11-21 19:57:51,423 [INFO] [March 3rd 2025 - December 31st 2024 Crime News] Page 2, 35 lines
2025-11-21 19:57:51,514 [INFO] [March 3rd 2025 - December 31st 2024 Crime News] Page 3, 21 lines
2025-11-21 19:57:51,669 [INFO] [March 3rd 2025 - December 31st 2024 Crime News] Page 4, 32 lines
2025-11-21 19:57:51,801 [INFO] [March 3rd 2025 - December 31st 2024 Crime News] Page 5, 33 lines
2025-11-21 19:57:51,910 [INFO] [March 3rd 2025 - December 31st 2024 Crime News] Page 6, 32 lines
2025-11-21 19:57:52,064 [INFO] [March 3rd 2025 - December 31st 2024 Crime News] Page 7, 33 lines
2025-11-21 19:57:52,185 [INFO] [March 3rd 2025 - December 31st 2024 Crime News] Page 8, 28 lines
2025-11-21 19:57:52,186 [INFO] Parsed 33 cases from downloads/March_3rd_2025_-_December_31st_2024_Crime_News.pdf
2025-11-21 19:57:52,186 [INFO] [1/13] Total cases collected so far: 33
2025-11-21 19:57:52,186 [INFO] [2/13] Processing PDF: December 30th 2024 - October 1st 2024 Crime News
2025-11-21 19:57:52,187 [INFO] Already downloaded: downloads/December_30th_2024_-_October_1st_2024_Crime_News.pdf
2025-11-21 19:57:52,210 [INFO] Opened PDF: downloads/December_30th_2024_-_October_1st_2024_Crime_News.pdf with 13 pages
2025-11-21 19:57:52,410 [INFO] [December 30th 2024 - October 1st 2024 Crime News] Page 1, 34 lines
2025-11-21 19:57:52,636 [INFO] [December 30th 2024 - October 1st 2024 Crime News] Page 2, 34 lines
2025-11-21 19:57:52,766 [INFO] [December 30th 2024 - October 1st 2024 Crime News] Page 3, 33 lines
2025-11-21 19:57:52,911 [INFO] [December 30th 2024 - October 1st 2024 Crime News] Page 4, 33 lines
2025-11-21 19:57:53,041 [INFO] [December 30th 2024 - October 1st 2024 Crime News] Page 5, 33 lines
2025-11-21 19:57:53,171 [INFO] [December 30th 2024 - October 1st 2024 Crime News] Page 6, 32 lines
2025-11-21 19:57:53,334 [INFO] [December 30th 2024 - October 1st 2024 Crime News] Page 7, 33 lines
2025-11-21 19:57:53,458 [INFO] [December 30th 2024 - October 1st 2024 Crime News] Page 8, 32 lines
2025-11-21 19:57:53,575 [INFO] [December 30th 2024 - October 1st 2024 Crime News] Page 9, 31 lines
2025-11-21 19:57:53,725 [INFO] [December 30th 2024 - October 1st 2024 Crime News] Page 10, 34 lines
2025-11-21 19:57:53,861 [INFO] [December 30th 2024 - October 1st 2024 Crime News] Page 11, 33 lines
2025-11-21 19:57:53,996 [INFO] [December 30th 2024 - October 1st 2024 Crime News] Page 12, 33 lines
2025-11-21 19:57:54,078 [INFO] [December 30th 2024 - October 1st 2024 Crime News] Page 13, 16 lines
2025-11-21 19:57:54,079 [INFO] Parsed 62 cases from downloads/December_30th_2024_-_October_1st_2024_Crime_News.pdf
2025-11-21 19:57:54,079 [INFO] [2/13] Total cases collected so far: 95
2025-11-21 19:57:54,079 [INFO] [3/13] Processing PDF: September 30th 2024 - July 2nd 2024 Crime News
2025-11-21 19:57:54,079 [INFO] Already downloaded: downloads/September_30th_2024_-_July_2nd_2024_Crime_News.pdf
2025-11-21 19:57:54,104 [INFO] Opened PDF: downloads/September_30th_2024_-_July_2nd_2024_Crime_News.pdf with 15 pages
2025-11-21 19:57:54,336 [INFO] [September 30th 2024 - July 2nd 2024 Crime News] Page 1, 32 lines
2025-11-21 19:57:54,475 [INFO] [September 30th 2024 - July 2nd 2024 Crime News] Page 2, 32 lines
2025-11-21 19:57:54,660 [INFO] [September 30th 2024 - July 2nd 2024 Crime News] Page 3, 33 lines
2025-11-21 19:57:54,808 [INFO] [September 30th 2024 - July 2nd 2024 Crime News] Page 4, 33 lines
2025-11-21 19:57:54,949 [INFO] [September 30th 2024 - July 2nd 2024 Crime News] Page 5, 34 lines
2025-11-21 19:57:55,098 [INFO] [September 30th 2024 - July 2nd 2024 Crime News] Page 6, 31 lines
2025-11-21 19:57:55,235 [INFO] [September 30th 2024 - July 2nd 2024 Crime News] Page 7, 33 lines
2025-11-21 19:57:55,381 [INFO] [September 30th 2024 - July 2nd 2024 Crime News] Page 8, 33 lines
2025-11-21 19:57:55,520 [INFO] [September 30th 2024 - July 2nd 2024 Crime News] Page 9, 34 lines
2025-11-21 19:57:55,704 [INFO] [September 30th 2024 - July 2nd 2024 Crime News] Page 10, 33 lines
2025-11-21 19:57:55,849 [INFO] [September 30th 2024 - July 2nd 2024 Crime News] Page 11, 33 lines
2025-11-21 19:57:56,105 [INFO] [September 30th 2024 - July 2nd 2024 Crime News] Page 12, 34 lines
